../Core/Src/main.c:104:6:start_pwm	8	static
../Core/Src/main.c:110:6:configure_dma	8	static
../Core/Src/main.c:130:5:main	8	static
../Core/Src/main.c:190:6:SystemClock_Config	160	static
../Core/Src/main.c:240:13:MX_DAC1_Init	24	static
../Core/Src/main.c:280:13:MX_TIM1_Init	112	static
../Core/Src/main.c:368:13:MX_TIM2_Init	40	static
../Core/Src/main.c:413:13:MX_USART2_UART_Init	8	static
../Core/Src/main.c:446:13:MX_DMA_Init	16	static
../Core/Src/main.c:473:13:MX_GPIO_Init	48	static
../Core/Src/main.c:513:6:Error_Handler	4	static,ignoring_inline_asm
